// Jest Snapshot v1, https://goo.gl/fbAQLP

exports[`Render NotesApp component with notes correctly 1`] = `
<WithStyles(Grid)
  container={true}
  spacing={8}
>
  <WithStyles(Grid)
    item={true}
    xs={12}
  >
    <WithStyles(NoteTaker)
      handleAddNote={[MockFunction]}
    />
  </WithStyles(Grid)>
  <WithStyles(Grid)
    item={true}
    xs={12}
  >
    <NotesContainer
      handleRemoveNote={[MockFunction]}
      notes={
        Array [
          Object {
            "id": 1,
            "noteDescription": "note1 desc",
            "noteTitle": "note1",
          },
        ]
      }
    />
  </WithStyles(Grid)>
</WithStyles(Grid)>
`;
